\BOOKMARK [1][-]{section.1}{\376\377\004\041\004\103\004\061\004\112\004\065\004\072\004\102\000\040\000\050\000S\000u\000b\000j\000e\000c\000t\000\051}{}% 1
\BOOKMARK [1][-]{section.2}{\376\377\004\036\004\061\004\112\004\065\004\072\004\102\000\040\000\050\000O\000b\000j\000e\000c\000t\000\051}{}% 2
\BOOKMARK [1][-]{section.3}{\376\377\004\032\004\073\004\116\004\107\004\065\004\062\004\076\004\065\000\040\004\100\004\060\004\067\004\073\004\070\004\107\004\070\004\065\000\040\004\074\004\065\004\066\004\064\004\103\000\040\004\101\004\103\004\061\004\112\004\065\004\072\004\102\004\076\004\074\000\040\004\070\000\040\004\076\004\061\004\112\004\065\004\072\004\102\004\076\004\074}{}% 3
\BOOKMARK [1][-]{section.4}{\376\377\004\037\004\100\004\070\004\074\004\065\004\100\004\113}{}% 4
\BOOKMARK [2][-]{subsection.4.1}{\376\377\004\037\004\100\004\076\004\101\004\102\004\076\004\065\000\040\004\062\004\113\004\101\004\072\004\060\004\067\004\113\004\062\004\060\004\075\004\070\004\065\000\040\000\050\004\077\004\100\004\065\004\064\004\070\004\072\004\060\004\102\004\075\004\060\004\117\000\040\004\073\004\076\004\063\004\070\004\072\004\060\000\051}{section.4}% 5
\BOOKMARK [3][-]{subsubsection.4.1.1}{\376\377\004\037\004\100\004\070\004\074\004\065\004\100\000\040\0001}{subsection.4.1}% 6
\BOOKMARK [3][-]{subsubsection.4.1.2}{\376\377\004\037\004\100\004\070\004\074\004\065\004\100\000\040\0002}{subsection.4.1}% 7
\BOOKMARK [2][-]{subsection.4.2}{\376\377\004\036\004\102\004\075\004\076\004\110\004\065\004\075\004\070\004\117\000\040\004\074\004\065\004\066\004\064\004\103\000\040\004\076\004\061\004\112\004\065\004\072\004\102\004\060\004\074\004\070}{section.4}% 8
\BOOKMARK [1][-]{section.5}{\376\377\004\037\004\076\004\107\004\065\004\074\004\103\000\040\004\115\004\102\004\076\000\040\004\062\004\060\004\066\004\075\004\076\000?}{}% 9
\BOOKMARK [1][-]{section.6}{\376\377\004\037\004\060\004\100\004\060\004\064\004\076\004\072\004\101\000\040\004\040\004\060\004\101\004\101\004\065\004\073\004\060}{}% 10
\BOOKMARK [2][-]{subsection.6.1}{\376\377\004\040\004\065\004\110\004\065\004\075\004\070\004\065\000\040\004\040\004\060\004\101\004\101\004\065\004\073\004\060\000\040\004\070\000\040\004\043\004\060\004\071\004\102\004\105\004\065\004\064\004\060}{section.6}% 11
\BOOKMARK [1][-]{section.7}{\376\377\004\020\004\102\004\076\004\074\004\060\004\100\004\075\004\113\004\065\000\040\004\077\004\100\004\065\004\064\004\073\004\076\004\066\004\065\004\075\004\070\004\117}{}% 12
\BOOKMARK [2][-]{subsection.7.1}{\376\377\004\042\004\070\004\077\004\113\000\040\004\060\004\102\004\076\004\074\004\060\004\100\004\075\004\113\004\105\000\040\004\077\004\100\004\065\004\064\004\073\004\076\004\066\004\065\004\075\004\070\004\071}{section.7}% 13
\BOOKMARK [2][-]{subsection.7.2}{\376\377\004\030\004\075\004\102\004\065\004\075\004\101\004\070\004\076\004\075\004\060\004\073\004\114\004\075\004\076}{section.7}% 14
\BOOKMARK [3][-]{subsubsection.7.2.1}{\376\377\004\037\004\100\004\070\004\074\004\065\004\100\004\113\000\040\004\070\004\075\004\102\004\065\004\075\004\101\004\070\004\076\004\075\004\060\004\073\004\114\004\075\004\113\004\105\000\040\004\072\004\076\004\075\004\102\004\065\004\072\004\101\004\102\004\076\004\062}{subsection.7.2}% 15
\BOOKMARK [1][-]{section.8}{\376\377\004\034\004\076\004\073\004\065\004\072\004\103\004\073\004\117\004\100\004\075\004\113\004\065\000\040\004\077\004\100\004\065\004\064\004\073\004\076\004\066\004\065\004\075\004\070\004\117}{}% 16
\BOOKMARK [2][-]{subsection.8.1}{\376\377\004\037\004\100\004\076\004\077\004\076\004\067\004\070\004\106\004\070\004\117}{section.8}% 17
\BOOKMARK [2][-]{subsection.8.2}{\376\377\000p\000|\000q}{section.8}% 18
\BOOKMARK [2][-]{subsection.8.3}{\376\377\004\036\004\102\004\100\004\070\004\106\004\060\004\075\004\070\004\065\000\040\000p}{section.8}% 19
\BOOKMARK [2][-]{subsection.8.4}{\376\377\004\030\004\074\004\077\004\073\004\070\004\072\004\060\004\106\004\070\004\117\000\040\000p\000\040\000q}{section.8}% 20
\BOOKMARK [3][-]{subsubsection.8.4.1}{\376\377\004\037\004\100\004\070\004\074\004\065\004\100\004\113}{subsection.8.4}% 21
\BOOKMARK [2][-]{subsection.8.5}{\376\377\004\024\004\070\004\067\004\112\004\116\004\075\004\072\004\106\004\070\004\117\000\040\000p\000\040\000q}{section.8}% 22
\BOOKMARK [2][-]{subsection.8.6}{\376\377\004\032\004\076\004\075\004\112\004\116\004\075\004\072\004\106\004\070\004\117\000\040\000p\000.\000q}{section.8}% 23
\BOOKMARK [2][-]{subsection.8.7}{\376\377\004\030\004\074\004\077\004\073\004\070\004\072\004\060\004\106\004\070\004\117\000\040\000p\000\040\000q}{section.8}% 24
